 ********************************************************************
 Numerical data read
 You entered the values:
 number of EOF modes you want to compute          30
 maximal size for the Krylov subspace          36

 You asked for the normalisation of the input matrices

 The right and left EOFs will be written in directory /home/natachab/Bureau/eac_chloro_hfr_analysis/hfr_data_processing/gap_filling/run_coffs/my_result_folder/log4

 ********************************************************************

 You entered filenames /home/natachab/Bureau/eac_chloro_hfr_analysis/hfr_data_processing/gap_filling/run_coffs/pre_post_processing/daily_2019_2021_RRK_pre.nc#v
                       /home/natachab/Bureau/eac_chloro_hfr_analysis/hfr_data_processing/gap_filling/run_coffs/pre_post_processing/mask_2019_2021_RRK.nc#mask
 You entered filenames /home/natachab/Bureau/eac_chloro_hfr_analysis/hfr_data_processing/gap_filling/run_coffs/pre_post_processing/daily_2019_2021_NNB_pre.nc#v
                       /home/natachab/Bureau/eac_chloro_hfr_analysis/hfr_data_processing/gap_filling/run_coffs/pre_post_processing/mask_2019_2021_NNB.nc#mask


 ********************************************************************
 Now some statistics about your data:

  Number of mask land points:                                   10394
        Dimension of file  1:                   123  x   112  x   550

  Number of mask land points:                                    8853
        Dimension of file  2:                   154  x    97  x   550

 end subroutine stat

                        Mean:                                    0.15
          Standard deviation:                                    0.34

 end subroutine stat

                        Mean:                                   -0.21
          Standard deviation:                                    0.38

 ***
 Matrix loaded ... Land points extracted...

 Size of the matrix used in DINEOF:                     9467 x    550
 ***
 Diffusion of covariance matrix activated
 with parameters: alpha =  0.50    and number of iterations =   3

 Missing data:                    477597 out of     5206850 (  9.17%)

 Number of cross validation points                              52108
 ********************************************************************

 Time (in seconds) for 1 EOF mode calculation in DINEOF   26.1391

 # EOF modes asked:  30        Convergence level required: 0.1E-02

 Starting with the EOF mode calculation...

 EOF mode    Expected Error    Iterations made   Convergence achieved
 ________    ______________    _______________   ____________________

      1              0.6646                 55             0.9594E-03
      2              0.5252                 45             0.9640E-03
      3              0.4781                 30             0.9671E-03
      4              0.4399                 13             0.9867E-03
      5              0.4130                131             0.9968E-03
      6              0.3923                 63             0.9944E-03
      7              0.3789                255             0.9875E-03
      8              0.3677                 56             0.9932E-03
      9              0.3593                120             0.9993E-03
     10              0.3540                106             0.9892E-03
     11              0.3499                 30             0.9772E-03
     12              0.3469                300             0.5293E-02
     13              0.3437                300             0.5066E-02
     14              0.3415                300             0.6263E-02
     15              0.3409                300             0.1976E-02
     16              0.3398                300             0.2101E-02
     17              0.3395                300             0.4502E-02
     18              0.3385                300             0.1421E-01
     19              0.3381                300             0.3558E-01
     20              0.3383                300             0.5565E-01
     21              0.3374                300             0.2261E-01
     22              0.3375                300             0.7425E-01
     23              0.3370                300             0.8040E-01
     24              0.3370                300             0.8311E-01
     25              0.3371                300             0.7549E-01
     26              0.3373                300             0.9272E-01

  Minimum reached in cross-validation
  Number of optimal EOF modes:           23

  Make last reconstruction, including data put aside for cross-validation

     23              0.3370                300             0.8040E-01

 DINEOF finished!

number of eigenvalues retained for the reconstruction  23
         expected error calculated by cross-validation     0.3370
            total time (in seconds) in lanczos process 75758.9149

 Now writing data...
 total variance of the initial matrix    1.0000000000000033     
 total variance of the reconstructed matrix   0.99036954010518929     
 Sum of the squares of the singular values of the           23 eof retained   4373360.3439903883     
 SCE filled matrix (valex eliminated)=    4373360.2985762293     

 mean   0.15843811551815842     
 Standard deviation  0.31127430462255690       0.34053029509137422       0.38188400478827284       0.15056542790416963      -0.20508844564465709     


 mean  -0.20994702813162419     
 Standard deviation  0.35039682389590515       0.34053029509137422       0.38188400478827284       0.15056542790416963      -0.20508844564465709     


 ...done!

